******************************************************************************
                  TI ARM Linker PC v18.12.3                    
******************************************************************************
>> Linked Wed Jan 22 11:40:58 2020

OUTPUT FILE NAME:   <spi_demo.out>
ENTRY POINT SYMBOL: "_c_int00_noargs"  address: 20008ee9


MEMORY CONFIGURATION

         name            origin    length      used     unused   attr    fill
----------------------  --------  ---------  --------  --------  ----  --------
  SRAM_CODE             20004000   00013000  00005b46  0000d4ba  RW X
  SRAM_DATA             20017000   00019000  000013ce  00017c32  RW X


SEGMENT ALLOCATION MAP

run origin  load origin   length   init length attrs members
----------  ----------- ---------- ----------- ----- -------
20004000    20004000    00005b48   00005b48    r-x
  20004000    20004000    00000400   00000400    r-- .intvecs
  20004400    20004400    00004eea   00004eea    r-x .text
  200092ec    200092ec    000007bc   000007bc    r-- .const
  20009aa8    20009aa8    000000a0   000000a0    r-- .cinit
20017000    20017000    00000bce   00000000    rw-
  20017000    20017000    00000800   00000000    rw- .sysmem
  20017800    20017800    00000200   00000000    rw- .data
  20017a00    20017a00    000001ce   00000000    rw- .bss
2002f800    2002f800    00000800   00000000    rw-
  2002f800    2002f800    00000800   00000000    rw- .stack


SECTION ALLOCATION MAP

 output                                  attributes/
section   page    origin      length       input sections
--------  ----  ----------  ----------   ----------------
.intvecs   0    20004000    00000400     
                  20004000    00000400     startup_ccs.obj (.intvecs)

.init_array 
*          0    20004000    00000000     UNINITIALIZED

.text      0    20004400    00004eea     
                  20004400    00000a80     Adafruit_GFX.obj (.text)
                  20004e80    00000a4e     rtsv7M4_T_le_eabi.lib : _printfi.c.obj (.text:__TI_printfi)
                  200058ce    00000002                           : _lock.c.obj (.text:_nop)
                  200058d0    000004f4     main.obj (.text)
                  20005dc4    000004be     Adafruit_OLED.obj (.text)
                  20006282    00000002     rtsv7M4_T_le_eabi.lib : div0.asm.obj (.text)
                  20006284    000002b4     i2c_if.obj (.text)
                  20006538    00000280     uart_if.obj (.text)
                  200067b8    00000268     rtsv7M4_T_le_eabi.lib : _printfi.c.obj (.text:_pconv_a)
                  20006a20    000001cc                           : _printfi.c.obj (.text:_pconv_g)
                  20006bec    000001b6                           : fd_add_t2.asm.obj (.text)
                  20006da2    00000002     --HOLE-- [fill = 0]
                  20006da4    00000178     driverlib.a : prcm.obj (.text:PRCMCC3200MCUInit)
                  20006f1c    0000013c     rtsv7M4_T_le_eabi.lib : _printfi.c.obj (.text:_pconv_e)
                  20007058    00000136                           : fd_div_t2.asm.obj (.text)
                  2000718e    00000002     --HOLE-- [fill = 0]
                  20007190    00000120                           : _printfi.c.obj (.text:fcvt)
                  200072b0    00000114                           : fputs.c.obj (.text:fputs)
                  200073c4    00000110     pin_mux_config.obj (.text)
                  200074d4    000000fc     rtsv7M4_T_le_eabi.lib : fd_mul_t2.asm.obj (.text)
                  200075d0    000000f4                           : memory.c.obj (.text:aligned_alloc)
                  200076c4    000000e8                           : memory.c.obj (.text:free)
                  200077ac    000000dc                           : setvbuf.c.obj (.text:setvbuf)
                  20007888    000000d8                           : memory.c.obj (.text:realloc)
                  20007960    000000d0                           : s_scalbn.c.obj (.text:scalbn)
                  20007a30    000000b1                           : _printfi.c.obj (.text:_ltostr)
                  20007ae1    00000003     --HOLE-- [fill = 0]
                  20007ae4    000000a8     driverlib.a : interrupt.obj (.text:IntEnable)
                  20007b8c    000000a0                 : spi.obj (.text:SPIConfigSetExpClk)
                  20007c2c    0000009c     rtsv7M4_T_le_eabi.lib : memcpy_t2.asm.obj (.text)
                  20007cc8    00000096                           : ull_div_t2.asm.obj (.text)
                  20007d5e    00000002     --HOLE-- [fill = 0]
                  20007d60    00000094     driverlib.a : prcm.obj (.text:PRCMPeripheralClockGet)
                  20007df4    0000008c     rtsv7M4_T_le_eabi.lib : fputc.c.obj (.text:fputc)
                  20007e80    00000088     driverlib.a : pin.obj (.text:PinConfigSet)
                  20007f08    00000086     rtsv7M4_T_le_eabi.lib : fd_cmp_t2.asm.obj (.text:__aeabi_cdcmple)
                  20007f8e    00000086                           : fd_cmp_t2.asm.obj (.text:__aeabi_cdrcmple)
                  20008014    00000084     driverlib.a : i2c.obj (.text:I2CMasterInitExpClk)
                  20008098    0000007c     rtsv7M4_T_le_eabi.lib : memory.c.obj (.text:split)
                  20008114    0000007a                           : memset_t2.asm.obj (.text)
                  2000818e    00000076     driverlib.a : uart.obj (.text:UARTConfigSetExpClk)
                  20008204    00000074     rtsv7M4_T_le_eabi.lib : fclose.c.obj (.text:__TI_closefile)
                  20008278    0000006e                           : _printfi.c.obj (.text:_mcpy)
                  200082e6    00000002     --HOLE-- [fill = 0]
                  200082e8    0000006c                           : hostrename.c.obj (.text:HOSTrename)
                  20008354    00000068                           : hostlseek.c.obj (.text:HOSTlseek)
                  200083bc    00000068                           : copy_decompress_lzss.c.obj (.text:decompress:lzss:__TI_decompress_lzss)
                  20008424    00000068                           : printf.c.obj (.text:printf)
                  2000848c    00000064                           : fseek.c.obj (.text:fseek)
                  200084f0    00000062                           : _io_perm.c.obj (.text:__TI_wrt_ok)
                  20008552    00000002     --HOLE-- [fill = 0]
                  20008554    00000060                           : hostopen.c.obj (.text:HOSTopen)
                  200085b4    0000005c                           : close.c.obj (.text:close)
                  20008610    0000005c                           : s_frexp.c.obj (.text:frexp)
                  2000866c    00000058                           : hostread.c.obj (.text:HOSTread)
                  200086c4    00000058                           : hostwrite.c.obj (.text:HOSTwrite)
                  2000871c    00000058     driverlib.a : prcm.obj (.text:PRCMPeripheralReset)
                  20008774    00000056     rtsv7M4_T_le_eabi.lib : _printfi.c.obj (.text:_pconv_f)
                  200087ca    00000054                           : ltoa.c.obj (.text:ltoa)
                  2000881e    00000052                           : _printfi.c.obj (.text:_ecpy)
                  20008870    0000004c                           : fflush.c.obj (.text:__TI_doflush)
                  200088bc    0000004c                           : atoi.c.obj (.text:atoi)
                  20008908    00000048                           : exit.c.obj (.text:exit)
                  20008950    00000048                           : fd_toi_t2.asm.obj (.text)
                  20008998    00000044                           : hostclose.c.obj (.text:HOSTclose)
                  200089dc    00000044                           : hostunlink.c.obj (.text:HOSTunlink)
                  20008a20    00000044                           : autoinit.c.obj (.text:__TI_auto_init_nobinit_nopinit:__TI_auto_init_nobinit_nopinit)
                  20008a64    00000044                           : getdevice.c.obj (.text:getdevice)
                  20008aa8    00000040     driverlib.a : pin.obj (.text:PinModeSet)
                  20008ae8    00000040     rtsv7M4_T_le_eabi.lib : vsnprintf.c.obj (.text:vsnprintf)
                  20008b28    0000003e                           : _printfi.c.obj (.text:_fcpy)
                  20008b66    00000002     --HOLE-- [fill = 0]
                  20008b68    0000003c     driverlib.a : prcm.obj (.text:PRCMPeripheralClkEnable)
                  20008ba4    00000038     rtsv7M4_T_le_eabi.lib : trgmsg.c.obj (.text:__TI_writemsg)
                  20008bdc    00000036     driverlib.a : gpio.obj (.text:GPIODirModeSet)
                  20008c12    00000036     rtsv7M4_T_le_eabi.lib : strncpy.c.obj (.text:strncpy)
                  20008c48    00000034                           : fopen.c.obj (.text:__TI_cleanup)
                  20008c7c    00000034                           : trgmsg.c.obj (.text:__TI_readmsg)
                  20008cb0    00000030     driverlib.a : pin.obj (.text:PinTypeGPIO)
                  20008ce0    00000030                 : uart.obj (.text:UARTDisable)
                  20008d10    00000030     rtsv7M4_T_le_eabi.lib : vsnprintf.c.obj (.text:_outs)
                  20008d40    00000030                           : getdevice.c.obj (.text:finddevice)
                  20008d70    0000002e                           : i_tofd_t2.asm.obj (.text)
                  20008d9e    0000002c     driverlib.a : i2c.obj (.text:I2CMasterErr)
                  20008dca    00000002     --HOLE-- [fill = 0]
                  20008dcc    0000002c                 : prcm.obj (.text:PRCMSysResetCauseGet)
                  20008df8    0000002c     rtsv7M4_T_le_eabi.lib : unlink.c.obj (.text:unlink)
                  20008e24    00000028     driverlib.a : prcm.obj (.text:PRCMPeripheralClkDisable)
                  20008e4c    00000028     rtsv7M4_T_le_eabi.lib : memory.c.obj (.text:free_list_insert)
                  20008e74    00000028                           : lseek.c.obj (.text:lseek)
                  20008e9c    00000028                           : write.c.obj (.text:write)
                  20008ec4    00000024     driverlib.a : uart.obj (.text:UARTEnable)
                  20008ee8    00000024     rtsv7M4_T_le_eabi.lib : boot_cortex_m.c.obj (.text:_c_int00_noargs:_c_int00_noargs)
                  20008f0c    00000024                           : memmov.c.obj (.text:memmove)
                  20008f30    00000022     driverlib.a : i2c.obj (.text:I2CMasterSlaveAddrSet)
                  20008f52    00000022                 : spi.obj (.text:SPIReset)
                  20008f74    00000020                 : gpio.obj (.text:GPIOPinWrite)
                  20008f94    00000020                 : spi.obj (.text:SPIDataGet)
                  20008fb4    00000020     rtsv7M4_T_le_eabi.lib : memchr.c.obj (.text:memchr)
                  20008fd4    0000001e     driverlib.a : i2c.obj (.text:I2CMasterIntStatusEx)
                  20008ff2    0000001e                 : spi.obj (.text:SPIDataPut)
                  20009010    0000001e                 : uart.obj (.text:UARTCharPut)
                  2000902e    0000001c                 : pin.obj (.text:PinTypeI2C)
                  2000904a    0000001c                 : uart.obj (.text:UARTCharGetNonBlocking)
                  20009066    0000001c     rtsv7M4_T_le_eabi.lib : copy_zero_init.c.obj (.text:decompress:ZI:__TI_zero_init_nomemset:__TI_zero_init_nomemset)
                  20009082    00000002     --HOLE-- [fill = 0]
                  20009084    0000001c                           : memory.c.obj (.text:free_list_remove)
                  200090a0    0000001c                           : memccpy.c.obj (.text:memccpy)
                  200090bc    0000001a     driverlib.a : pin.obj (.text:PinTypeSPI)
                  200090d6    00000018                 : i2c.obj (.text:I2CMasterIntEnableEx)
                  200090ee    00000018                 : spi.obj (.text:SPICSDisable)
                  20009106    00000018                 : spi.obj (.text:SPICSEnable)
                  2000911e    00000018                 : spi.obj (.text:SPIEnable)
                  20009136    00000018                 : uart.obj (.text:UARTCharsAvail)
                  2000914e    00000018     rtsv7M4_T_le_eabi.lib : vsnprintf.c.obj (.text:_outc)
                  20009166    00000018                           : strcmp.c.obj (.text:strcmp)
                  2000917e    00000016     driverlib.a : i2c.obj (.text:I2CMasterDataPut)
                  20009194    00000016                 : i2c.obj (.text:I2CMasterEnable)
                  200091aa    00000016                 : prcm.obj (.text:PRCMHIBRegRead)
                  200091c0    00000016                 : prcm.obj (.text:PRCMHIBRegWrite)
                  200091d6    00000016     rtsv7M4_T_le_eabi.lib : strchr.c.obj (.text:strchr)
                  200091ec    00000014     driverlib.a : cpu.obj (.text:CPUcpsie)
                  20009200    00000014                 : interrupt.obj (.text:IntVTableBaseSet)
                  20009214    00000014     rtsv7M4_T_le_eabi.lib : strcpy.c.obj (.text:strcpy)
                  20009228    00000014                           : strlen.c.obj (.text:strlen)
                  2000923c    00000012     driverlib.a : i2c.obj (.text:I2CMasterControl)
                  2000924e    00000012                 : i2c.obj (.text:I2CMasterIntClearEx)
                  20009260    00000012                 : i2c.obj (.text:I2CMasterTimeoutSet)
                  20009272    00000012     rtsv7M4_T_le_eabi.lib : wcslen.c.obj (.text:wcslen)
                  20009284    0000000e     driverlib.a : i2c.obj (.text:I2CMasterDataGet)
                  20009292    0000000e     rtsv7M4_T_le_eabi.lib : copy_decompress_none.c.obj (.text:decompress:none:__TI_decompress_none)
                  200092a0    0000000e     startup_ccs.obj (.text)
                  200092ae    0000000c     rtsv7M4_T_le_eabi.lib : s_copysign.c.obj (.text:copysign)
                  200092ba    0000000a     driverlib.a : interrupt.obj (.text:IntMasterEnable)
                  200092c4    00000008     rtsv7M4_T_le_eabi.lib : errno.c.obj (.text:__aeabi_errno_addr)
                  200092cc    00000008                           : memory.c.obj (.text:malloc)
                  200092d4    00000006     driverlib.a : utils.obj (.text:UtilsDelay)
                  200092da    00000004     rtsv7M4_T_le_eabi.lib : printf.c.obj (.text:_outc)
                  200092de    00000004                           : printf.c.obj (.text:_outs)
                  200092e2    00000004                           : pre_init.c.obj (.text:_system_pre_init)
                  200092e6    00000004                           : exit.c.obj (.text:abort:abort)

.const     0    200092ec    000007bc     
                  200092ec    000004fb     Adafruit_GFX.obj (.const:.string:font)
                  200097e7    00000101     rtsv7M4_T_le_eabi.lib : ctype.c.obj (.const:.string:_ctypes_)
                  200098e8    00000100     driverlib.a : pin.obj (.const:g_ulPinToPadMap)
                  200099e8    000000a8                 : prcm.obj (.const:PRCM_PeriphRegsList)
                  20009a90    00000018                 : interrupt.obj (.const:g_pulEnRegs)

.cinit     0    20009aa8    000000a0     
                  20009aa8    0000007a     (.cinit..data.load) [load image, compression = lzss]
                  20009b22    00000002     --HOLE-- [fill = 0]
                  20009b24    0000000c     (__TI_handler_table)
                  20009b30    00000008     (.cinit..bss.load) [load image, compression = zero_init]
                  20009b38    00000010     (__TI_cinit_table)

.sysmem    0    20017000    00000800     UNINITIALIZED
                  20017000    00000010     rtsv7M4_T_le_eabi.lib : memory.c.obj (.sysmem)
                  20017010    000007f0     --HOLE--

.data      0    20017800    00000200     UNINITIALIZED
                  20017800    000000f0     rtsv7M4_T_le_eabi.lib : defs.c.obj (.data:_ftable)
                  200178f0    00000078                           : host_device.c.obj (.data:_device)
                  20017968    00000050                           : host_device.c.obj (.data:_stream)
                  200179b8    00000015     Adafruit_GFX.obj (.data)
                  200179cd    00000003     --HOLE--
                  200179d0    00000010     rtsv7M4_T_le_eabi.lib : defs.c.obj (.data)
                  200179e0    0000000c                           : exit.c.obj (.data:$O1$$)
                  200179ec    00000008                           : _lock.c.obj (.data:$O1$$)
                  200179f4    00000008                           : memory.c.obj (.data:$O1$$)
                  200179fc    00000004                           : errno.c.obj (.data)

.bss       0    20017a00    000001ce     UNINITIALIZED
                  20017a00    00000120     rtsv7M4_T_le_eabi.lib : trgmsg.c.obj (.bss:_CIOBUF_)
                  20017b20    000000a0     (.common:__TI_tmpnams)
                  20017bc0    00000008     (.common:parmbuf)
                  20017bc8    00000004     uart_if.obj (.bss)
                  20017bcc    00000002     main.obj (.bss)

.stack     0    2002f800    00000800     UNINITIALIZED
                  2002f800    00000004     rtsv7M4_T_le_eabi.lib : boot_cortex_m.c.obj (.stack)
                  2002f804    000007fc     --HOLE--

MODULE SUMMARY

       Module                       code    ro data   rw data
       ------                       ----    -------   -------
    .\
       Adafruit_GFX.obj             2688    1275      21     
       main.obj                     1268    0         2      
       Adafruit_OLED.obj            1214    0         0      
       startup_ccs.obj              14      1024      0      
       i2c_if.obj                   692     0         0      
       uart_if.obj                  640     0         4      
       pin_mux_config.obj           272     0         0      
    +--+----------------------------+-------+---------+---------+
       Total:                       6788    2299      27     
                                                             
    C:/ti/CC3200SDK_1.4.0/cc3200-sdk/driverlib/ccs/Release/driverlib.a
       prcm.obj                     800     168       0      
       pin.obj                      302     256       0      
       i2c.obj                      376     0         0      
       spi.obj                      328     0         0      
       uart.obj                     284     0         0      
       interrupt.obj                198     24        0      
       gpio.obj                     86      0         0      
       cpu.obj                      20      0         0      
       utils.obj                    6       0         0      
    +--+----------------------------+-------+---------+---------+
       Total:                       2400    448       0      
                                                             
    C:\ti\ccs920\ccs\tools\compiler\ti-cgt-arm_18.12.3.LTS\lib\rtsv7M4_T_le_eabi.lib
       _printfi.c.obj               4835    0         0      
       memory.c.obj                 892     0         8      
       fd_add_t2.asm.obj            438     0         0      
       defs.c.obj                   0       0         416    
       trgmsg.c.obj                 108     0         288    
       fd_div_t2.asm.obj            310     0         0      
       fputs.c.obj                  276     0         0      
       fd_cmp_t2.asm.obj            268     0         0      
       ctype.c.obj                  0       257       0      
       fd_mul_t2.asm.obj            252     0         0      
       setvbuf.c.obj                220     0         0      
       s_scalbn.c.obj               208     0         0      
       host_device.c.obj            0       0         200    
       memcpy_t2.asm.obj            156     0         0      
       ull_div_t2.asm.obj           150     0         0      
       fputc.c.obj                  140     0         0      
       vsnprintf.c.obj              136     0         0      
       memset_t2.asm.obj            122     0         0      
       fclose.c.obj                 116     0         0      
       getdevice.c.obj              116     0         0      
       printf.c.obj                 112     0         0      
       hostrename.c.obj             108     0         0      
       copy_decompress_lzss.c.obj   104     0         0      
       hostlseek.c.obj              104     0         0      
       hostopen.c.obj               96      0         8      
       fseek.c.obj                  100     0         0      
       _io_perm.c.obj               98      0         0      
       close.c.obj                  92      0         0      
       s_frexp.c.obj                92      0         0      
       exit.c.obj                   76      0         12     
       hostread.c.obj               88      0         0      
       hostwrite.c.obj              88      0         0      
       ltoa.c.obj                   84      0         0      
       atoi.c.obj                   76      0         0      
       fflush.c.obj                 76      0         0      
       fd_toi_t2.asm.obj            72      0         0      
       autoinit.c.obj               68      0         0      
       hostclose.c.obj              68      0         0      
       hostunlink.c.obj             68      0         0      
       strncpy.c.obj                54      0         0      
       fopen.c.obj                  52      0         0      
       i_tofd_t2.asm.obj            46      0         0      
       unlink.c.obj                 44      0         0      
       lseek.c.obj                  40      0         0      
       write.c.obj                  40      0         0      
       boot_cortex_m.c.obj          36      0         0      
       memmov.c.obj                 36      0         0      
       memchr.c.obj                 32      0         0      
       copy_zero_init.c.obj         28      0         0      
       memccpy.c.obj                28      0         0      
       strcmp.c.obj                 24      0         0      
       strchr.c.obj                 22      0         0      
       strcpy.c.obj                 20      0         0      
       strlen.c.obj                 20      0         0      
       wcslen.c.obj                 18      0         0      
       copy_decompress_none.c.obj   14      0         0      
       errno.c.obj                  8       0         4      
       s_copysign.c.obj             12      0         0      
       _lock.c.obj                  2       0         8      
       pre_init.c.obj               4       0         0      
       div0.asm.obj                 2       0         0      
    +--+----------------------------+-------+---------+---------+
       Total:                       10995   257       944    
                                                             
       Heap:                        0       0         2048   
       Stack:                       0       0         2048   
       Linker Generated:            0       158       0      
    +--+----------------------------+-------+---------+---------+
       Grand Total:                 20183   3162      5067   


LINKER GENERATED COPY TABLES

__TI_cinit_table @ 20009b38 records: 2, size/record: 8, table size: 16
	.data: load addr=20009aa8, load size=0000007a bytes, run addr=20017800, run size=00000200 bytes, compression=lzss
	.bss: load addr=20009b30, load size=00000008 bytes, run addr=20017a00, run size=000001ce bytes, compression=zero_init


LINKER GENERATED HANDLER TABLE

__TI_handler_table @ 20009b24 records: 3, size/record: 4, table size: 12
	index: 0, handler: __TI_decompress_lzss
	index: 1, handler: __TI_decompress_none
	index: 2, handler: __TI_zero_init


GLOBAL SYMBOLS: SORTED ALPHABETICALLY BY Name 

address   name                           
-------   ----                           
20005e6d  Adafruit_Init                  
200092e7  C$$EXIT                        
20008bd3  C$$IO$$                        
200091ed  CPUcpsie                       
20006579  ClearTerm                      
20005fe3  Color565                       
200058d1  DisplayBuffer                  
20006583  Error                          
20008bdd  GPIODirModeSet                 
20008f75  GPIOPinWrite                   
200065bb  GetCmd                         
20008999  HOSTclose                      
20008355  HOSTlseek                      
20008555  HOSTopen                       
2000866d  HOSTread                       
200082e9  HOSTrename                     
200089dd  HOSTunlink                     
200086c5  HOSTwrite                      
2000923d  I2CMasterControl               
20009285  I2CMasterDataGet               
2000917f  I2CMasterDataPut               
20009195  I2CMasterEnable                
20008d9f  I2CMasterErr                   
20008015  I2CMasterInitExpClk            
2000924f  I2CMasterIntClearEx            
200090d7  I2CMasterIntEnableEx           
20008fd5  I2CMasterIntStatusEx           
20008f31  I2CMasterSlaveAddrSet          
20009261  I2CMasterTimeoutSet            
20006523  I2C_IF_Close                   
200064bd  I2C_IF_Open                    
200063bb  I2C_IF_Read                    
20006477  I2C_IF_ReadFrom                
2000630b  I2C_IF_Write                   
20006539  InitTerm                       
20007ae5  IntEnable                      
200092bb  IntMasterEnable                
20009201  IntVTableBaseSet               
2000594d  MasterMain                     
20006557  Message                        
20004dab  Outstr                         
20006da5  PRCMCC3200MCUInit              
200091ab  PRCMHIBRegRead                 
200091c1  PRCMHIBRegWrite                
20008e25  PRCMPeripheralClkDisable       
20008b69  PRCMPeripheralClkEnable        
20007d61  PRCMPeripheralClockGet         
2000871d  PRCMPeripheralReset            
20008dcd  PRCMSysResetCauseGet           
20007e81  PinConfigSet                   
20008aa9  PinModeSet                     
200073c5  PinMuxConfig                   
20008cb1  PinTypeGPIO                    
2000902f  PinTypeI2C                     
200090bd  PinTypeSPI                     
200066f9  Report                         
200092a1  ResetISR                       
200090ef  SPICSDisable                   
20009107  SPICSEnable                    
20007b8d  SPIConfigSetExpClk             
20008f95  SPIDataGet                     
20008ff3  SPIDataPut                     
2000911f  SPIEnable                      
20008f53  SPIReset                       
20006661  TrimSpace                      
2000904b  UARTCharGetNonBlocking         
20009011  UARTCharPut                    
20009137  UARTCharsAvail                 
2000818f  UARTConfigSetExpClk            
20008ce1  UARTDisable                    
20008ec5  UARTEnable                     
200092d5  UtilsDelay                     
20017a00  __CIOBUF_                      
20030000  __STACK_END                    
00000800  __STACK_SIZE                   
00000800  __SYSMEM_SIZE                  
20009b38  __TI_CINIT_Base                
20009b48  __TI_CINIT_Limit               
20009b24  __TI_Handler_Table_Base        
20009b30  __TI_Handler_Table_Limit       
20008a21  __TI_auto_init_nobinit_nopinit 
20008c49  __TI_cleanup                   
200179e0  __TI_cleanup_ptr               
20008205  __TI_closefile                 
200083bd  __TI_decompress_lzss           
20009293  __TI_decompress_none           
20008871  __TI_doflush                   
200179e4  __TI_dtors_ptr                 
200179e8  __TI_enable_exit_profile_output
200179d0  __TI_ft_end                    
ffffffff  __TI_pprof_out_hndl            
20004e81  __TI_printfi                   
ffffffff  __TI_prof_data_size            
ffffffff  __TI_prof_data_start           
20008c7d  __TI_readmsg                   
20009aa8  __TI_static_base__             
20017b20  __TI_tmpnams                   
20008ba5  __TI_writemsg                  
200084f1  __TI_wrt_ok                    
20009067  __TI_zero_init_nomemset        
20007f09  __aeabi_cdcmpeq                
20007f09  __aeabi_cdcmple                
20007f8f  __aeabi_cdrcmple               
20008951  __aeabi_d2iz                   
20006bf7  __aeabi_dadd                   
20007059  __aeabi_ddiv                   
200074d5  __aeabi_dmul                   
20006bed  __aeabi_dsub                   
200092c5  __aeabi_errno_addr             
20008d71  __aeabi_i2d                    
20006283  __aeabi_idiv0                  
20006283  __aeabi_ldiv0                  
20008115  __aeabi_memclr                 
20008115  __aeabi_memclr4                
20008115  __aeabi_memclr8                
20007c2d  __aeabi_memcpy                 
20007c2d  __aeabi_memcpy4                
20007c2d  __aeabi_memcpy8                
20008117  __aeabi_memset                 
20008117  __aeabi_memset4                
20008117  __aeabi_memset8                
200179dc  __aeabi_stderr                 
200179d4  __aeabi_stdin                  
200179d8  __aeabi_stdout                 
20007cc9  __aeabi_uldivmod               
ffffffff  __binit__                      
ffffffff  __c_args__                     
UNDEFED   __mpu_init                     
2002f800  __stack                        
20008ee9  _c_int00_noargs                
200097e7  _ctypes_                       
200178f0  _device                        
20017800  _ftable                        
200179ec  _lock                          
200058cf  _nop                           
20017968  _stream                        
20017000  _sys_memory                    
UNDEFED   _system_post_cinit             
200092e3  _system_pre_init               
200179f0  _unlock                        
200092e7  abort                          
200075d1  aligned_alloc                  
200088bd  atoi                           
ffffffff  binit                          
200085b5  close                          
200092af  copysign                       
200092af  copysignl                      
200179b8  cursor_x                       
200179bc  cursor_y                       
20004c5f  drawChar                       
20004401  drawCircle                     
20004535  drawCircleHelper               
2000618d  drawFastHLine                  
200060ed  drawFastVLine                  
2000477b  drawLine                       
20006229  drawPixel                      
20004867  drawRect                       
200048b5  drawRoundRect                  
20004a1d  drawTriangle                   
200179fc  errno                          
20008909  exit                           
20004653  fillCircle                     
2000468d  fillCircleHelper               
2000603b  fillRect                       
200049a3  fillRoundRect                  
20006025  fillScreen                     
20004a5f  fillTriangle                   
20008d41  finddevice                     
20007df5  fputc                          
200072b1  fputs                          
200076c5  free                           
20008611  frexp                          
20008611  frexpl                         
2000848d  fseek                          
20004000  g_pfnVectors                   
20008a65  getdevice                      
20005f9f  goTo                           
20004e5f  height                         
20006267  invert                         
20007961  ldexp                          
20007961  ldexpl                         
20008e75  lseek                          
200087cb  ltoa                           
20005d15  main                           
200092cd  malloc                         
200075d1  memalign                       
200090a1  memccpy                        
20008fb5  memchr                         
20007c2d  memcpy                         
20008f0d  memmove                        
2000811d  memset                         
20017bc0  parmbuf                        
20008425  printf                         
20007df5  putc                           
20007889  realloc                        
20008df9  remove                         
20007961  scalbn                         
20007961  scalbnl                        
20004df7  setCursor                      
20004e2f  setTextColor                   
20004e0f  setTextSize                    
20004e47  setTextWrap                    
200077ad  setvbuf                        
200091d7  strchr                         
20009167  strcmp                         
20009215  strcpy                         
20009229  strlen                         
20008c13  strncpy                        
200179c8  textbgcolor                    
200179c4  textcolor                      
200179c0  textsize                       
20008df9  unlink                         
20008ae9  vsnprintf                      
20009273  wcslen                         
20004e5b  width                          
200179cc  wrap                           
20008e9d  write                          
20005dc5  writeCommand                   
20005e19  writeData                      


GLOBAL SYMBOLS: SORTED BY Symbol Address 

address   name                           
-------   ----                           
00000800  __STACK_SIZE                   
00000800  __SYSMEM_SIZE                  
20004000  g_pfnVectors                   
20004401  drawCircle                     
20004535  drawCircleHelper               
20004653  fillCircle                     
2000468d  fillCircleHelper               
2000477b  drawLine                       
20004867  drawRect                       
200048b5  drawRoundRect                  
200049a3  fillRoundRect                  
20004a1d  drawTriangle                   
20004a5f  fillTriangle                   
20004c5f  drawChar                       
20004dab  Outstr                         
20004df7  setCursor                      
20004e0f  setTextSize                    
20004e2f  setTextColor                   
20004e47  setTextWrap                    
20004e5b  width                          
20004e5f  height                         
20004e81  __TI_printfi                   
200058cf  _nop                           
200058d1  DisplayBuffer                  
2000594d  MasterMain                     
20005d15  main                           
20005dc5  writeCommand                   
20005e19  writeData                      
20005e6d  Adafruit_Init                  
20005f9f  goTo                           
20005fe3  Color565                       
20006025  fillScreen                     
2000603b  fillRect                       
200060ed  drawFastVLine                  
2000618d  drawFastHLine                  
20006229  drawPixel                      
20006267  invert                         
20006283  __aeabi_idiv0                  
20006283  __aeabi_ldiv0                  
2000630b  I2C_IF_Write                   
200063bb  I2C_IF_Read                    
20006477  I2C_IF_ReadFrom                
200064bd  I2C_IF_Open                    
20006523  I2C_IF_Close                   
20006539  InitTerm                       
20006557  Message                        
20006579  ClearTerm                      
20006583  Error                          
200065bb  GetCmd                         
20006661  TrimSpace                      
200066f9  Report                         
20006bed  __aeabi_dsub                   
20006bf7  __aeabi_dadd                   
20006da5  PRCMCC3200MCUInit              
20007059  __aeabi_ddiv                   
200072b1  fputs                          
200073c5  PinMuxConfig                   
200074d5  __aeabi_dmul                   
200075d1  aligned_alloc                  
200075d1  memalign                       
200076c5  free                           
200077ad  setvbuf                        
20007889  realloc                        
20007961  ldexp                          
20007961  ldexpl                         
20007961  scalbn                         
20007961  scalbnl                        
20007ae5  IntEnable                      
20007b8d  SPIConfigSetExpClk             
20007c2d  __aeabi_memcpy                 
20007c2d  __aeabi_memcpy4                
20007c2d  __aeabi_memcpy8                
20007c2d  memcpy                         
20007cc9  __aeabi_uldivmod               
20007d61  PRCMPeripheralClockGet         
20007df5  fputc                          
20007df5  putc                           
20007e81  PinConfigSet                   
20007f09  __aeabi_cdcmpeq                
20007f09  __aeabi_cdcmple                
20007f8f  __aeabi_cdrcmple               
20008015  I2CMasterInitExpClk            
20008115  __aeabi_memclr                 
20008115  __aeabi_memclr4                
20008115  __aeabi_memclr8                
20008117  __aeabi_memset                 
20008117  __aeabi_memset4                
20008117  __aeabi_memset8                
2000811d  memset                         
2000818f  UARTConfigSetExpClk            
20008205  __TI_closefile                 
200082e9  HOSTrename                     
20008355  HOSTlseek                      
200083bd  __TI_decompress_lzss           
20008425  printf                         
2000848d  fseek                          
200084f1  __TI_wrt_ok                    
20008555  HOSTopen                       
200085b5  close                          
20008611  frexp                          
20008611  frexpl                         
2000866d  HOSTread                       
200086c5  HOSTwrite                      
2000871d  PRCMPeripheralReset            
200087cb  ltoa                           
20008871  __TI_doflush                   
200088bd  atoi                           
20008909  exit                           
20008951  __aeabi_d2iz                   
20008999  HOSTclose                      
200089dd  HOSTunlink                     
20008a21  __TI_auto_init_nobinit_nopinit 
20008a65  getdevice                      
20008aa9  PinModeSet                     
20008ae9  vsnprintf                      
20008b69  PRCMPeripheralClkEnable        
20008ba5  __TI_writemsg                  
20008bd3  C$$IO$$                        
20008bdd  GPIODirModeSet                 
20008c13  strncpy                        
20008c49  __TI_cleanup                   
20008c7d  __TI_readmsg                   
20008cb1  PinTypeGPIO                    
20008ce1  UARTDisable                    
20008d41  finddevice                     
20008d71  __aeabi_i2d                    
20008d9f  I2CMasterErr                   
20008dcd  PRCMSysResetCauseGet           
20008df9  remove                         
20008df9  unlink                         
20008e25  PRCMPeripheralClkDisable       
20008e75  lseek                          
20008e9d  write                          
20008ec5  UARTEnable                     
20008ee9  _c_int00_noargs                
20008f0d  memmove                        
20008f31  I2CMasterSlaveAddrSet          
20008f53  SPIReset                       
20008f75  GPIOPinWrite                   
20008f95  SPIDataGet                     
20008fb5  memchr                         
20008fd5  I2CMasterIntStatusEx           
20008ff3  SPIDataPut                     
20009011  UARTCharPut                    
2000902f  PinTypeI2C                     
2000904b  UARTCharGetNonBlocking         
20009067  __TI_zero_init_nomemset        
200090a1  memccpy                        
200090bd  PinTypeSPI                     
200090d7  I2CMasterIntEnableEx           
200090ef  SPICSDisable                   
20009107  SPICSEnable                    
2000911f  SPIEnable                      
20009137  UARTCharsAvail                 
20009167  strcmp                         
2000917f  I2CMasterDataPut               
20009195  I2CMasterEnable                
200091ab  PRCMHIBRegRead                 
200091c1  PRCMHIBRegWrite                
200091d7  strchr                         
200091ed  CPUcpsie                       
20009201  IntVTableBaseSet               
20009215  strcpy                         
20009229  strlen                         
2000923d  I2CMasterControl               
2000924f  I2CMasterIntClearEx            
20009261  I2CMasterTimeoutSet            
20009273  wcslen                         
20009285  I2CMasterDataGet               
20009293  __TI_decompress_none           
200092a1  ResetISR                       
200092af  copysign                       
200092af  copysignl                      
200092bb  IntMasterEnable                
200092c5  __aeabi_errno_addr             
200092cd  malloc                         
200092d5  UtilsDelay                     
200092e3  _system_pre_init               
200092e7  C$$EXIT                        
200092e7  abort                          
200097e7  _ctypes_                       
20009aa8  __TI_static_base__             
20009b24  __TI_Handler_Table_Base        
20009b30  __TI_Handler_Table_Limit       
20009b38  __TI_CINIT_Base                
20009b48  __TI_CINIT_Limit               
20017000  _sys_memory                    
20017800  _ftable                        
200178f0  _device                        
20017968  _stream                        
200179b8  cursor_x                       
200179bc  cursor_y                       
200179c0  textsize                       
200179c4  textcolor                      
200179c8  textbgcolor                    
200179cc  wrap                           
200179d0  __TI_ft_end                    
200179d4  __aeabi_stdin                  
200179d8  __aeabi_stdout                 
200179dc  __aeabi_stderr                 
200179e0  __TI_cleanup_ptr               
200179e4  __TI_dtors_ptr                 
200179e8  __TI_enable_exit_profile_output
200179ec  _lock                          
200179f0  _unlock                        
200179fc  errno                          
20017a00  __CIOBUF_                      
20017b20  __TI_tmpnams                   
20017bc0  parmbuf                        
2002f800  __stack                        
20030000  __STACK_END                    
ffffffff  __TI_pprof_out_hndl            
ffffffff  __TI_prof_data_size            
ffffffff  __TI_prof_data_start           
ffffffff  __binit__                      
ffffffff  __c_args__                     
ffffffff  binit                          
UNDEFED   __mpu_init                     
UNDEFED   _system_post_cinit             

[219 symbols]
